
Allocating common symbols
Common symbol       size              file

netbufpool          0x4               binaries/net.o
readylist           0x2               binaries/ready.o
rfltab              0x5a0             binaries/rflinit.o
netportseed         0x8               binaries/net.o
sleepq              0x2               binaries/clkinit.o
nnames              0x4               binaries/naminit.o
udptab              0x168             binaries/udp.o
minheap             0x4               binaries/meminit.o
marks               0x50              binaries/mark.o
currpid             0x4               binaries/initialize.o
Lf_data             0x20c             binaries/lfsinit.o
porttab             0x2d0             binaries/ptinit.o
girmask             0x2               binaries/evec.o
ttytab              0x110             binaries/ttyinit.o
proctab             0x15e0            binaries/initialize.o
prcount             0x4               binaries/initialize.o
pipetab             0x1e0             binaries/pipe_init.o
lfltab              0xf00             binaries/lflinit.o
rdstab              0x7c              binaries/rdsinit.o
ethertab            0x130             binaries/ethinit.o
NetData             0xb0              binaries/net.o
nmarks              0x4               binaries/mark.o
initsp              0x4               binaries/i386.o
Defer               0x8               binaries/resched.o
semtab              0x4b0             binaries/initialize.o
maxheap             0x4               binaries/meminit.o
preempt             0x4               binaries/clkinit.o
buftab              0xf0              binaries/bufinit.o
Rf_data             0x18              binaries/rfsinit.o
mkmutex             0x4               binaries/mark.o
clktime             0x4               binaries/clkinit.o
arpcache            0x140             binaries/arp.o
icmptab             0x230             binaries/icmp.o
nbpools             0x4               binaries/bufinit.o
queuetab            0x980             binaries/queue.o
ptnextid            0x4               binaries/ptinit.o
Ram                 0x19000           binaries/raminit.o
ipoqueue            0x2c              binaries/ip.o
memlist             0x8               binaries/initialize.o
nametab             0x5200            binaries/naminit.o
ptfree              0x4               binaries/ptinit.o

Memory Configuration

Name             Origin             Length             Attributes
*default*        0x0000000000000000 0xffffffffffffffff

Linker script and memory map

                0x0000000000100000                physbase = 0x100000
                0x0000000000100000                . = physbase
                0x0000000000100000                . = ALIGN (0x1000)

.text           0x0000000000100000    0x1c000
                0x0000000000100000                text = ABSOLUTE (.)
 *(.text .text.*)
 .text          0x0000000000100000      0x165 binaries/start.o
                0x0000000000100020                entry
                0x000000000010003d                start
                0x00000000001000a5                inb
                0x00000000001000ad                inw
                0x00000000001000b6                inl
                0x00000000001000be                outb
                0x00000000001000c8                outw
                0x00000000001000d3                outl
                0x00000000001000dd                _rtcin
                0x00000000001000e8                ___udivsi3
                0x00000000001000f3                ___divsi3
                0x00000000001000ff                sbzero
                0x000000000010010f                bcopy
                0x0000000000100123                insw
                0x0000000000100139                outsw
                0x000000000010014f                lidt
                0x0000000000100157                jumptocode
                0x000000000010015e                jumptobootcode
 .text          0x0000000000100165      0x405 binaries/ascdate.o
                0x0000000000100165                ascdate
 .text          0x000000000010056a       0x14 binaries/bufinit.o
                0x000000000010056a                bufinit
 .text          0x000000000010057e       0x8d binaries/chprio.o
                0x000000000010057e                chprio
 .text          0x000000000010060b       0x96 binaries/clkhandler.o
                0x000000000010060b                clkhandler
 .text          0x00000000001006a1       0x89 binaries/clkinit.o
                0x00000000001006a1                clkinit
 .text          0x000000000010072a       0x6a binaries/close.o
                0x000000000010072a                close
 .text          0x0000000000100794        0x0 binaries/conf.o
 .text          0x0000000000100794       0x7f binaries/control.o
                0x0000000000100794                control
 .text          0x0000000000100813      0x2b4 binaries/create.o
                0x0000000000100813                create
 .text          0x0000000000100ac7      0x367 binaries/evec.o
                0x0000000000100ac7                initevec
                0x0000000000100b1d                set_evec
                0x0000000000100bbf                trap
 .text          0x0000000000100e2e       0x15 binaries/exit.o
                0x0000000000100e2e                exit
 .text          0x0000000000100e43       0x82 binaries/freebuf.o
                0x0000000000100e43                freebuf
 .text          0x0000000000100ec5      0x167 binaries/freemem.o
                0x0000000000100ec5                freemem
 .text          0x000000000010102c       0x80 binaries/getbuf.o
                0x000000000010102c                getbuf
 .text          0x00000000001010ac       0x6a binaries/getc.o
                0x00000000001010ac                getc
 .text          0x0000000000101116       0x72 binaries/getdev.o
                0x0000000000101116                getdev
 .text          0x0000000000101188       0xc8 binaries/getitem.o
                0x0000000000101188                getfirst
                0x00000000001011c9                getlast
                0x000000000010120c                getitem
 .text          0x0000000000101250       0xfb binaries/getmem.o
                0x0000000000101250                getmem
 .text          0x000000000010134b        0xa binaries/getpid.o
                0x000000000010134b                getpid
 .text          0x0000000000101355       0x75 binaries/getprio.o
                0x0000000000101355                getprio
 .text          0x00000000001013ca       0xf2 binaries/getstk.o
                0x00000000001013ca                getstk
 .text          0x00000000001014bc       0x16 binaries/getticks.o
                0x00000000001014bc                getticks
 .text          0x00000000001014d2       0x36 binaries/gettime.o
                0x00000000001014d2                gettime
 .text          0x0000000000101508      0x1f9 binaries/getutime.o
                0x0000000000101508                getutime
 .text          0x0000000000101701      0x409 binaries/i386.o
                0x0000000000101701                setsegs
                0x0000000000101818                init8259
                0x00000000001018ed                pseg
                0x0000000000101ab0                setirmask
 .text          0x0000000000101b0a       0x6a binaries/init.o
                0x0000000000101b0a                init
 .text          0x0000000000101b74      0x3ed binaries/initialize.o
                0x0000000000101b74                nulluser
                0x0000000000101f0c                stop
                0x0000000000101f33                delay
 .text          0x0000000000101f61       0xdd binaries/insert.o
                0x0000000000101f61                insert
 .text          0x000000000010203e      0x10f binaries/insertd.o
                0x000000000010203e                insertd
 .text          0x000000000010214d        0xa binaries/ioerr.o
                0x000000000010214d                ioerr
 .text          0x0000000000102157        0xa binaries/ionull.o
                0x0000000000102157                ionull
 .text          0x0000000000102161      0x188 binaries/kill.o
                0x0000000000102161                kill
 .text          0x00000000001022e9      0x17b binaries/kprintf.o
                0x00000000001022e9                kputc
                0x0000000000102392                kgetc
                0x0000000000102437                kprintf
 .text          0x0000000000102464       0xe7 binaries/main.o
                0x0000000000102464                main
 .text          0x000000000010254b       0xac binaries/mark.o
                0x000000000010254b                markinit
                0x000000000010256e                mark
 .text          0x00000000001025f7       0xca binaries/meminit.o
                0x00000000001025f7                meminit
 .text          0x00000000001026c1      0x15f binaries/mkbufpool.o
                0x00000000001026c1                mkbufpool
 .text          0x0000000000102820       0x94 binaries/newqueue.o
                0x0000000000102820                newqueue
 .text          0x00000000001028b4       0x78 binaries/open.o
                0x00000000001028b4                open
 .text          0x000000000010292c       0x20 binaries/panic.o
                0x000000000010292c                panic
 .text          0x000000000010294c      0x498 binaries/pci.o
                0x000000000010294c                pci_init
                0x0000000000102c18                find_pci_device
                0x0000000000102c66                pci_bios_read_config_byte
                0x0000000000102ca5                pci_bios_read_config_word
                0x0000000000102ce7                pci_bios_read_config_dword
                0x0000000000102d26                pci_bios_write_config_byte
                0x0000000000102d67                pci_bios_write_config_word
                0x0000000000102da9                pci_bios_write_config_dword
 .text          0x0000000000102de4       0xe6 binaries/ptclear.o
                0x0000000000102de4                _ptclear
 .text          0x0000000000102eca       0x8f binaries/ptcount.o
                0x0000000000102eca                ptcount
 .text          0x0000000000102f59      0x105 binaries/ptcreate.o
                0x0000000000102f59                ptcreate
 .text          0x000000000010305e       0x80 binaries/ptdelete.o
                0x000000000010305e                ptdelete
 .text          0x00000000001030de       0xb7 binaries/ptinit.o
                0x00000000001030de                ptinit
 .text          0x0000000000103195      0x10a binaries/ptrecv.o
                0x0000000000103195                ptrecv
 .text          0x000000000010329f       0x78 binaries/ptreset.o
                0x000000000010329f                ptreset
 .text          0x0000000000103317      0x128 binaries/ptsend.o
                0x0000000000103317                ptsend
 .text          0x000000000010343f       0x78 binaries/putc.o
                0x000000000010343f                putc
 .text          0x00000000001034b7      0x10c binaries/queue.o
                0x00000000001034b7                enqueue
                0x000000000010355a                dequeue
 .text          0x00000000001035c3       0x78 binaries/read.o
                0x00000000001035c3                read
 .text          0x000000000010363b       0x81 binaries/ready.o
                0x000000000010363b                ready
 .text          0x00000000001036bc       0x5f binaries/receive.o
                0x00000000001036bc                receive
 .text          0x000000000010371b       0x5b binaries/recvclr.o
                0x000000000010371b                recvclr
 .text          0x0000000000103776       0xba binaries/recvtime.o
                0x0000000000103776                recvtime
 .text          0x0000000000103830      0x169 binaries/resched.o
                0x0000000000103830                resched
                0x0000000000103924                resched_cntl
 .text          0x0000000000103999       0xa4 binaries/resume.o
                0x0000000000103999                resume
 .text          0x0000000000103a3d       0x71 binaries/seek.o
                0x0000000000103a3d                seek
 .text          0x0000000000103aae       0x69 binaries/semcount.o
                0x0000000000103aae                semcount
 .text          0x0000000000103b17       0xcf binaries/semcreate.o
                0x0000000000103b17                semcreate
 .text          0x0000000000103be6       0xba binaries/semdelete.o
                0x0000000000103be6                semdelete
 .text          0x0000000000103ca0       0xbc binaries/semreset.o
                0x0000000000103ca0                semreset
 .text          0x0000000000103d5c       0xda binaries/send.o
                0x0000000000103d5c                send
 .text          0x0000000000103e36       0x97 binaries/signal.o
                0x0000000000103e36                signal
 .text          0x0000000000103ecd       0xc3 binaries/signaln.o
                0x0000000000103ecd                signaln
 .text          0x0000000000103f90       0xe5 binaries/sleep.o
                0x0000000000103f90                sleep
                0x0000000000103fda                sleepms
 .text          0x0000000000104075      0x1b1 binaries/stacktrace.o
                0x0000000000104075                stacktrace
 .text          0x0000000000104226       0xda binaries/suspend.o
                0x0000000000104226                suspend
 .text          0x0000000000104300       0xdc binaries/unsleep.o
                0x0000000000104300                unsleep
 .text          0x00000000001043dc       0x15 binaries/userret.o
                0x00000000001043dc                userret
 .text          0x00000000001043f1       0xd3 binaries/wait.o
                0x00000000001043f1                wait
 .text          0x00000000001044c4       0x68 binaries/wakeup.o
                0x00000000001044c4                wakeup
 .text          0x000000000010452c       0x78 binaries/write.o
                0x000000000010452c                write
 .text          0x00000000001045a4       0x19 binaries/xdone.o
                0x00000000001045a4                xdone
 .text          0x00000000001045bd       0x25 binaries/yield.o
                0x00000000001045bd                yield
 .text          0x00000000001045e2       0x11 binaries/abs.o
                0x00000000001045e2                abs
 .text          0x00000000001045f3       0x8f binaries/atoi.o
                0x00000000001045f3                atoi
 .text          0x0000000000104682       0x8f binaries/atol.o
                0x0000000000104682                atol
 .text          0x0000000000104711       0x31 binaries/bzero.o
                0x0000000000104711                bzero
 .text          0x0000000000104742        0x0 binaries/ctype_.o
 .text          0x0000000000104742      0x8f8 binaries/doprnt.o
                0x0000000000104742                _doprnt
 .text          0x000000000010503a      0x6a2 binaries/doscan.o
                0x000000000010503a                _doscan
 .text          0x00000000001056dc      0x723 binaries/fdoprnt.o
                0x00000000001056dc                _fdoprnt
 .text          0x0000000000105dff       0x26 binaries/fgetc.o
                0x0000000000105dff                fgetc
 .text          0x0000000000105e25       0x72 binaries/fgets.o
                0x0000000000105e25                fgets
 .text          0x0000000000105e97       0x34 binaries/fprintf.o
                0x0000000000105e97                fprintf
 .text          0x0000000000105ecb       0x2c binaries/fputc.o
                0x0000000000105ecb                fputc
 .text          0x0000000000105ef7       0x43 binaries/fputs.o
                0x0000000000105ef7                fputs
 .text          0x0000000000105f3a       0x92 binaries/fscanf.o
                0x0000000000105f3a                fscanf
 .text          0x0000000000105fcc       0x2c binaries/getchar.o
                0x0000000000105fcc                getchar
 .text          0x0000000000105ff8       0x11 binaries/labs.o
                0x0000000000105ff8                labs
 .text          0x0000000000106009       0x51 binaries/memcmp.o
                0x0000000000106009                memcmp
 .text          0x000000000010605a       0x3f binaries/memcpy.o
                0x000000000010605a                memcpy
 .text          0x0000000000106099       0x30 binaries/memset.o
                0x0000000000106099                memset
 .text          0x00000000001060c9       0x4f binaries/printf.o
                0x00000000001060c9                printf
 .text          0x0000000000106118       0x33 binaries/putchar.o
                0x0000000000106118                putchar
 .text          0x000000000010614b      0x28c binaries/qsort.o
                0x000000000010614b                qsort
 .text          0x00000000001063d7       0x5f binaries/rand.o
                0x00000000001063d7                rand
                0x00000000001063eb                rand_r
                0x0000000000106429                srand
 .text          0x0000000000106436       0x6f binaries/sprintf.o
                0x0000000000106436                sprintf
 .text          0x00000000001064a5       0x7f binaries/sscanf.o
                0x00000000001064a5                sscanf
 .text          0x0000000000106524       0x3c binaries/strchr.o
                0x0000000000106524                strchr
 .text          0x0000000000106560       0x45 binaries/strcmp.o
                0x0000000000106560                strcmp
 .text          0x00000000001065a5       0x27 binaries/strcpy.o
                0x00000000001065a5                strcpy
 .text          0x00000000001065cc       0x26 binaries/strlen.o
                0x00000000001065cc                strlen
 .text          0x00000000001065f2       0x56 binaries/strncat.o
                0x00000000001065f2                strncat
 .text          0x0000000000106648       0x5e binaries/strncmp.o
                0x0000000000106648                strncmp
 .text          0x00000000001066a6       0x4f binaries/strncpy.o
                0x00000000001066a6                strncpy
 .text          0x00000000001066f5       0x2e binaries/strnlen.o
                0x00000000001066f5                strnlen
 .text          0x0000000000106723       0x45 binaries/strrchr.o
                0x0000000000106723                strrchr
 .text          0x0000000000106768       0x6d binaries/strstr.o
                0x0000000000106768                strstr
 .text          0x00000000001067d5       0xd8 binaries/ttycontrol.o
                0x00000000001067d5                ttycontrol
 .text          0x00000000001068ad       0x93 binaries/ttygetc.o
                0x00000000001068ad                ttygetc
 .text          0x0000000000106940      0x756 binaries/ttyhandle_in.o
                0x0000000000106940                ttyhandle_in
 .text          0x0000000000107096      0x19f binaries/ttyhandle_out.o
                0x0000000000107096                ttyhandle_out
 .text          0x0000000000107235       0xc6 binaries/ttyhandler.o
                0x0000000000107235                ttyhandler
 .text          0x00000000001072fb      0x22b binaries/ttyinit.o
                0x00000000001072fb                ttyinit
 .text          0x0000000000107526       0x1d binaries/ttykickout.o
                0x0000000000107526                ttykickout
 .text          0x0000000000107543       0xb2 binaries/ttyputc.o
                0x0000000000107543                ttyputc
 .text          0x00000000001075f5      0x10f binaries/ttyread.o
                0x00000000001075f5                ttyread
 .text          0x0000000000107704       0x4f binaries/ttywrite.o
                0x0000000000107704                ttywrite
 .text          0x0000000000107753      0x16a binaries/mount.o
                0x0000000000107753                mount
                0x0000000000107887                namlen
 .text          0x00000000001078bd      0x229 binaries/naminit.o
                0x00000000001078bd                naminit
 .text          0x0000000000107ae6      0x216 binaries/nammap.o
                0x0000000000107ae6                nammap
                0x0000000000107b77                namrepl
                0x0000000000107cac                namcpy
 .text          0x0000000000107cfc       0x55 binaries/namopen.o
                0x0000000000107cfc                namopen
 .text          0x0000000000107d51      0xfa3 binaries/82545EMInit.o
                0x0000000000107da8                _82545EMInit
                0x0000000000108b4e                _82545EM_read_phy_reg
                0x0000000000108c1d                _82545EM_write_phy_reg
 .text          0x0000000000108cf4      0x24c binaries/ethcontrol.o
                0x0000000000108d4b                ethcontrol
                0x0000000000108ec8                ethIrqDisable
                0x0000000000108f04                ethIrqEnable
 .text          0x0000000000108f40      0x241 binaries/ethhandler.o
                0x00000000001090b1                ethhandler
 .text          0x0000000000109181      0x122 binaries/ethinit.o
                0x0000000000109181                ethinit
 .text          0x00000000001092a3      0x1f0 binaries/ethread.o
                0x00000000001092fa                ethread
 .text          0x0000000000109493      0x19a binaries/ethwrite.o
                0x00000000001094ea                ethwrite
 .text          0x000000000010962d      0x2c1 binaries/rdscomm.o
                0x000000000010962d                rdscomm
 .text          0x00000000001098ee      0x21b binaries/rdscontrol.o
                0x00000000001098ee                rdscontrol
 .text          0x0000000000109b09       0x4e binaries/rdsinit.o
                0x0000000000109b09                rdsinit
 .text          0x0000000000109b57      0x385 binaries/rdsopen.o
                0x0000000000109b57                rdsopen
 .text          0x0000000000109edc      0x40d binaries/rdsprocess.o
                0x0000000000109edc                rdsprocess
 .text          0x000000000010a2e9      0x5b2 binaries/rdsqfcns.o
                0x000000000010a2e9                rdqunlink
                0x000000000010a38b                rdqinsert
                0x000000000010a3e0                rdcunlink
                0x000000000010a48a                rdcinsert
                0x000000000010a56b                rdqdump
                0x000000000010a727                rdcdump
 .text          0x000000000010a89b      0x1d7 binaries/rdsread.o
                0x000000000010a89b                rdsread
 .text          0x000000000010aa72       0x5a binaries/rdssetprio.o
                0x000000000010aa72                rdssetprio
 .text          0x000000000010aacc      0x117 binaries/rdswrite.o
                0x000000000010aacc                rdswrite
 .text          0x000000000010abe3        0xa binaries/ramclose.o
                0x000000000010abe3                ramclose
 .text          0x000000000010abed       0x45 binaries/raminit.o
                0x000000000010abed                raminit
 .text          0x000000000010ac32        0xa binaries/ramopen.o
                0x000000000010ac32                ramopen
 .text          0x000000000010ac3c       0x35 binaries/ramread.o
                0x000000000010ac3c                ramread
 .text          0x000000000010ac71       0x36 binaries/ramwrite.o
                0x000000000010ac71                ramwrite
 .text          0x000000000010aca7       0x9e binaries/lfdballoc.o
                0x000000000010aca7                lfdballoc
 .text          0x000000000010ad45       0x62 binaries/lfdbfree.o
                0x000000000010ad45                lfdbfree
 .text          0x000000000010ada7       0xbf binaries/lfflush.o
                0x000000000010ada7                lfflush
 .text          0x000000000010ae66       0xd8 binaries/lfgetmode.o
                0x000000000010ae66                lfgetmode
 .text          0x000000000010af3e       0x6c binaries/lfiballoc.o
                0x000000000010af3e                lfiballoc
 .text          0x000000000010afaa       0x3b binaries/lfibclear.o
                0x000000000010afaa                lfibclear
 .text          0x000000000010afe5       0xae binaries/lfibget.o
                0x000000000010afe5                lfibget
 .text          0x000000000010b093       0xe0 binaries/lfibput.o
                0x000000000010b093                lfibput
 .text          0x000000000010b173       0x93 binaries/lflclose.o
                0x000000000010b173                lflclose
 .text          0x000000000010b206       0xb5 binaries/lflcontrol.o
                0x000000000010b206                lflcontrol
 .text          0x000000000010b2bb       0xdf binaries/lflgetc.o
                0x000000000010b2bb                lflgetc
 .text          0x000000000010b39a       0xfb binaries/lflinit.o
                0x000000000010b39a                lflinit
 .text          0x000000000010b495      0x10f binaries/lflputc.o
                0x000000000010b495                lflputc
 .text          0x000000000010b5a4       0x6d binaries/lflread.o
                0x000000000010b5a4                lflread
 .text          0x000000000010b611       0x9c binaries/lflseek.o
                0x000000000010b611                lflseek
 .text          0x000000000010b6ad       0x55 binaries/lflwrite.o
                0x000000000010b6ad                lflwrite
 .text          0x000000000010b702       0x62 binaries/lfscheck.o
                0x000000000010b702                lfscheck
 .text          0x000000000010b764      0x176 binaries/lfsckfmt.o
                0x000000000010b764                lfsckfmt
 .text          0x000000000010b8da      0x221 binaries/lfscreate.o
                0x000000000010b8da                lfscreate
 .text          0x000000000010bafb      0x282 binaries/lfsetup.o
                0x000000000010bafb                lfsetup
 .text          0x000000000010bd7d       0x55 binaries/lfsinit.o
                0x000000000010bd7d                lfsinit
 .text          0x000000000010bdd2      0x3cb binaries/lfsopen.o
                0x000000000010bdd2                lfsopen
 .text          0x000000000010c19d      0x161 binaries/lftruncate.o
                0x000000000010c19d                lftruncate
 .text          0x000000000010c2fe      0x1a5 binaries/rflclose.o
                0x000000000010c2fe                rflclose
 .text          0x000000000010c4a3       0x5d binaries/rflgetc.o
                0x000000000010c4a3                rflgetc
 .text          0x000000000010c500       0x76 binaries/rflinit.o
                0x000000000010c500                rflinit
 .text          0x000000000010c576       0x39 binaries/rflputc.o
                0x000000000010c576                rflputc
 .text          0x000000000010c5af      0x386 binaries/rflread.o
                0x000000000010c5af                rflread
 .text          0x000000000010c935       0x68 binaries/rflseek.o
                0x000000000010c935                rflseek
 .text          0x000000000010c99d      0x336 binaries/rflwrite.o
                0x000000000010c99d                rflwrite
 .text          0x000000000010ccd3      0x22f binaries/rfscomm.o
                0x000000000010ccd3                rfscomm
 .text          0x000000000010cf02      0x258 binaries/rfscontrol.o
                0x000000000010cf02                rfscontrol
 .text          0x000000000010d15a       0xd8 binaries/rfsgetmode.o
                0x000000000010d15a                rfsgetmode
 .text          0x000000000010d232       0x61 binaries/rfsinit.o
                0x000000000010d232                rfsinit
 .text          0x000000000010d293      0x128 binaries/rfsndmsg.o
                0x000000000010d293                rfsndmsg
 .text          0x000000000010d3bb      0x28d binaries/rfsopen.o
                0x000000000010d3bb                rfsopen
 .text          0x000000000010d648       0xde binaries/pipe_close.o
                0x000000000010d648                pipe_close
 .text          0x000000000010d726      0x115 binaries/pipe_getc.o
                0x000000000010d726                pipe_getc
 .text          0x000000000010d83b       0x38 binaries/pipe_init.o
                0x000000000010d83b                pipe_init
 .text          0x000000000010d873       0x8f binaries/pipe_open.o
                0x000000000010d873                pipe_open
 .text          0x000000000010d902       0xa5 binaries/pipe_putc.o
                0x000000000010d902                pipe_putc
 .text          0x000000000010d9a7       0x65 binaries/pipe_read.o
                0x000000000010d9a7                pipe_read
 .text          0x000000000010da0c       0x65 binaries/pipe_write.o
                0x000000000010da0c                pipe_write
 .text          0x000000000010da71      0x855 binaries/arp.o
                0x000000000010da71                arp_init
                0x000000000010daa3                arp_resolve
                0x000000000010dd70                arp_in
                0x000000000010e022                arp_alloc
                0x000000000010e0ee                arp_ntoh
                0x000000000010e1da                arp_hton
 .text          0x000000000010e2c6      0x947 binaries/dhcp.o
                0x000000000010e2c6                dhcp_get_opt_val
                0x000000000010e31f                dhcp_bld_bootp_msg
                0x000000000010e449                dhcp_bld_disc
                0x000000000010e52f                dhcp_bld_req
                0x000000000010e6ac                getlocalip
 .text          0x000000000010ec0d      0x6e3 binaries/dns.o
                0x000000000010ec0d                dnslookup
 .text          0x000000000010f2f0       0xe0 binaries/dot2ip.o
                0x000000000010f2f0                dot2ip
 .text          0x000000000010f3d0      0x468 binaries/hexdump.o
                0x000000000010f3d0                hexdump
                0x000000000010f553                hexadump
 .text          0x000000000010f838      0x8c4 binaries/icmp.o
                0x000000000010f838                icmp_init
                0x000000000010f86e                icmp_in
                0x000000000010fa76                icmp_register
                0x000000000010fb68                icmp_recv
                0x000000000010fce1                icmp_send
                0x000000000010fd76                icmp_mkpkt
                0x000000000010fe91                icmp_release
                0x000000000010ff81                icmp_cksum
                0x0000000000110014                icmp_hton
                0x0000000000110088                icmp_ntoh
 .text          0x00000000001100fc      0x81d binaries/ip.o
                0x00000000001100fc                ip_in
                0x0000000000110248                ip_send
                0x000000000011038a                ip_local
                0x00000000001103cd                ip_out
                0x00000000001104fa                ipcksum
                0x0000000000110580                ip_ntoh
                0x000000000011066c                ip_hton
                0x0000000000110758                ipout
                0x000000000011087a                ip_enqueue
 .text          0x0000000000110919      0x2ed binaries/net.o
                0x0000000000110919                net_init
                0x0000000000110a71                netin
                0x0000000000110b1d                eth_hton
                0x0000000000110b47                eth_ntoh
                0x0000000000110b71                getport
 .text          0x0000000000110c06     0x1539 binaries/pdump.o
                0x0000000000110c06                pdump
                0x0000000000111a22                pdumph
 .text          0x000000000011213f      0x64a binaries/tftp.o
                0x000000000011213f                tftp_send1
                0x00000000001122cf                tftpget
                0x0000000000112311                tftpget_mb
 .text          0x0000000000112789      0xb08 binaries/udp.o
                0x0000000000112789                udp_init
                0x00000000001127bd                udp_in
                0x00000000001128f8                udp_register
                0x0000000000112a2c                udp_recv
                0x0000000000112bb2                udp_recvaddr
                0x0000000000112d50                udp_send
                0x0000000000112f1f                udp_sendto
                0x00000000001130ba                udp_release
                0x00000000001131a7                udp_ntoh
                0x000000000011321c                udp_hton
 .text          0x0000000000113291      0x187 binaries/addargs.o
                0x0000000000113291                addargs
 .text          0x0000000000113418      0x31b binaries/lexan.o
                0x0000000000113418                lexan
 .text          0x0000000000113733      0x9cd binaries/shell.o
                0x0000000000113733                cmdlookup
                0x0000000000113796                shell
 .text          0x0000000000114100       0x68 binaries/xsh_argecho.o
                0x0000000000114100                xsh_argecho
 .text          0x0000000000114168      0x23a binaries/xsh_arp.o
                0x0000000000114168                xsh_arp
 .text          0x00000000001143a2      0x251 binaries/xsh_cat.o
                0x00000000001143a2                xsh_cat
 .text          0x00000000001145f3       0x5b binaries/xsh_clear.o
                0x00000000001145f3                xsh_clear
 .text          0x000000000011464e      0x2ea binaries/xsh_date.o
                0x000000000011464e                xsh_date
 .text          0x0000000000114938       0xad binaries/xsh_devdump.o
                0x0000000000114938                xsh_devdump
 .text          0x00000000001149e5       0x6c binaries/xsh_echo.o
                0x00000000001149e5                xsh_echo
 .text          0x0000000000114a51        0xa binaries/xsh_exit.o
                0x0000000000114a51                xsh_exit
 .text          0x0000000000114a5b      0x33c binaries/xsh_help.o
                0x0000000000114a5b                xsh_help
 .text          0x0000000000114d97      0x23c binaries/xsh_kill.o
                0x0000000000114d97                xsh_kill
 .text          0x0000000000114fd3      0x545 binaries/xsh_ls.o
                0x0000000000114fd3                xsh_ls
 .text          0x0000000000115518      0x516 binaries/xsh_memdump.o
                0x0000000000115518                xsh_memdump
 .text          0x0000000000115a2e      0x29b binaries/xsh_memstat.o
                0x0000000000115a2e                xsh_memstat
 .text          0x0000000000115cc9      0x5b6 binaries/xsh_netinfo.o
                0x0000000000115cc9                xsh_netinfo
 .text          0x000000000011627f      0x5f8 binaries/xsh_ns.o
                0x000000000011627f                xsh_ns
 .text          0x0000000000116877      0x3d7 binaries/xsh_ping.o
                0x0000000000116877                xsh_ping
 .text          0x0000000000116c4e      0x260 binaries/xsh_ps.o
                0x0000000000116c4e                xsh_ps
 .text          0x0000000000116eae      0x219 binaries/xsh_sleep.o
                0x0000000000116eae                xsh_sleep
 .text          0x00000000001170c7      0x26e binaries/xsh_tee.o
                0x00000000001170c7                xsh_tee
 .text          0x0000000000117335      0x2b6 binaries/xsh_udpdump.o
                0x0000000000117335                xsh_udpdump
 .text          0x00000000001175eb      0x590 binaries/xsh_udpecho.o
                0x00000000001175eb                xsh_udpecho
 .text          0x0000000000117b7b      0x2d5 binaries/xsh_udpserver.o
                0x0000000000117b7b                xsh_udpeserver
 .text          0x0000000000117e50      0x1e1 binaries/xsh_uptime.o
                0x0000000000117e50                xsh_uptime
 .text          0x0000000000118031        0xe binaries/clkdisp.o
                0x0000000000118031                clkdisp
 .text          0x000000000011803f       0x19 binaries/ctxsw.o
                0x000000000011803f                ctxsw
 .text          0x0000000000118058      0x368 binaries/intr.o
                0x0000000000118058                disable
                0x0000000000118061                restore
                0x000000000011806f                enable
                0x0000000000118071                pause
                0x0000000000118078                halt
                0x000000000011807b                spurious_irq7
                0x0000000000118080                spurious_irq15
                0x000000000011808f                _Xint0
                0x000000000011809a                _Xint1
                0x00000000001180a5                _Xint2
                0x00000000001180b0                _Xint3
                0x00000000001180bb                _Xint4
                0x00000000001180c6                _Xint5
                0x00000000001180d1                _Xint6
                0x00000000001180dc                _Xint7
                0x00000000001180e7                _Xint8
                0x00000000001180f2                _Xint9
                0x00000000001180fd                _Xint10
                0x0000000000118108                _Xint11
                0x0000000000118116                _Xint12
                0x0000000000118124                _Xint13
                0x0000000000118132                _Xint14
                0x0000000000118140                _Xint15
                0x000000000011814e                _Xint16
                0x000000000011815c                _Xint17
                0x000000000011816a                _Xint18
                0x0000000000118178                _Xint19
                0x0000000000118186                _Xint20
                0x0000000000118194                _Xint21
                0x00000000001181a2                _Xint22
                0x00000000001181b0                _Xint23
                0x00000000001181be                _Xint24
                0x00000000001181cc                _Xint25
                0x00000000001181da                _Xint26
                0x00000000001181e8                _Xint27
                0x00000000001181f6                _Xint28
                0x0000000000118204                _Xint29
                0x0000000000118212                _Xint30
                0x0000000000118220                _Xint31
                0x000000000011822e                _Xint32
                0x000000000011823c                _Xint33
                0x000000000011824a                _Xint34
                0x0000000000118258                _Xint35
                0x0000000000118266                _Xint36
                0x0000000000118274                _Xint37
                0x0000000000118282                _Xint38
                0x0000000000118290                _Xint39
                0x000000000011829e                _Xint40
                0x00000000001182ac                _Xint41
                0x00000000001182ba                _Xint42
                0x00000000001182c8                _Xint43
                0x00000000001182d6                _Xint44
                0x00000000001182e4                _Xint45
                0x00000000001182f2                _Xint46
                0x0000000000118300                defevec
 .text          0x00000000001183c0        0xf binaries/ttydispatch.o
                0x00000000001183c0                ttydispatch
 .text          0x00000000001183cf       0x13 binaries/ethdispatch.o
                0x00000000001183cf                ethdispatch
 *(.rodata .rodata.*)
 *fill*         0x00000000001183e2        0x2 
 .rodata        0x00000000001183e4       0x8e binaries/ascdate.o
 .rodata        0x0000000000118472       0xef binaries/conf.o
 *fill*         0x0000000000118561        0x3 
 .rodata        0x0000000000118564      0x22f binaries/evec.o
 *fill*         0x0000000000118793        0x1 
 .rodata        0x0000000000118794       0x61 binaries/getutime.o
 *fill*         0x00000000001187f5        0x3 
 .rodata        0x00000000001187f8       0x90 binaries/i386.o
 .rodata        0x0000000000118888      0x184 binaries/initialize.o
 .rodata        0x0000000000118a0c       0x20 binaries/kill.o
 .rodata        0x0000000000118a2c       0x2e binaries/main.o
 .rodata        0x0000000000118a5a        0xf binaries/panic.o
 *fill*         0x0000000000118a69        0x3 
 .rodata        0x0000000000118a6c      0x1ec binaries/pci.o
 .rodata        0x0000000000118c58       0x1d binaries/ptinit.o
 *fill*         0x0000000000118c75        0x3 
 .rodata        0x0000000000118c78       0x25 binaries/ptsend.o
 *fill*         0x0000000000118c9d        0x3 
 .rodata        0x0000000000118ca0       0xb7 binaries/stacktrace.o
 *fill*         0x0000000000118d57        0x1 
 .rodata        0x0000000000118d58       0x27 binaries/xdone.o
 *fill*         0x0000000000118d7f        0x1 
 .rodata        0x0000000000118d80       0x81 binaries/ctype_.o
                0x0000000000118d80                _ctype_
 *fill*         0x0000000000118e01        0x3 
 .rodata        0x0000000000118e04       0xee binaries/doprnt.o
 *fill*         0x0000000000118ef2        0x2 
 .rodata        0x0000000000118ef4       0x98 binaries/doscan.o
 .rodata        0x0000000000118f8c       0xae binaries/fdoprnt.o
 *fill*         0x000000000011903a        0x2 
 .rodata        0x000000000011903c       0x20 binaries/ttycontrol.o
 .rodata        0x000000000011905c       0x34 binaries/ttyhandler.o
 .rodata        0x0000000000119090       0x14 binaries/mount.o
 .rodata        0x00000000001190a4       0x82 binaries/naminit.o
 *fill*         0x0000000000119126        0x2 
 .rodata        0x0000000000119128       0x2e binaries/82545EMInit.o
 *fill*         0x0000000000119156        0x2 
 .rodata        0x0000000000119158       0x78 binaries/ethinit.o
 .rodata        0x00000000001191d0       0x18 binaries/ethread.o
 .rodata        0x00000000001191e8       0x76 binaries/rdscomm.o
 *fill*         0x000000000011925e        0x2 
 .rodata        0x0000000000119260       0x21 binaries/rdscontrol.o
 *fill*         0x0000000000119281        0x3 
 .rodata        0x0000000000119284       0xae binaries/rdsopen.o
 *fill*         0x0000000000119332        0x2 
 .rodata        0x0000000000119334       0x3e binaries/rdsprocess.o
 *fill*         0x0000000000119372        0x2 
 .rodata        0x0000000000119374       0xe2 binaries/rdsqfcns.o
 .rodata        0x0000000000119456        0x9 binaries/raminit.o
 *fill*         0x000000000011945f        0x1 
 .rodata        0x0000000000119460       0x36 binaries/lfdballoc.o
 .rodata        0x0000000000119496       0x14 binaries/lfiballoc.o
 *fill*         0x00000000001194aa        0x2 
 .rodata        0x00000000001194ac       0x22 binaries/lflcontrol.o
 *fill*         0x00000000001194ce        0x2 
 .rodata        0x00000000001194d0      0x118 binaries/lfsckfmt.o
 .rodata        0x00000000001195e8       0x66 binaries/lfsopen.o
 *fill*         0x000000000011964e        0x2 
 .rodata        0x0000000000119650       0x21 binaries/rflclose.o
 *fill*         0x0000000000119671        0x3 
 .rodata        0x0000000000119674       0x21 binaries/rflread.o
 *fill*         0x0000000000119695        0x3 
 .rodata        0x0000000000119698       0x21 binaries/rflwrite.o
 *fill*         0x00000000001196b9        0x3 
 .rodata        0x00000000001196bc       0xa1 binaries/rfscomm.o
 *fill*         0x000000000011975d        0x3 
 .rodata        0x0000000000119760       0x3c binaries/rfscontrol.o
 .rodata        0x000000000011979c       0x2b binaries/rfsinit.o
 *fill*         0x00000000001197c7        0x1 
 .rodata        0x00000000001197c8       0x2a binaries/rfsndmsg.o
 *fill*         0x00000000001197f2        0x2 
 .rodata        0x00000000001197f4       0x21 binaries/rfsopen.o
 *fill*         0x0000000000119815        0x3 
 .rodata        0x0000000000119818       0x3a binaries/arp.o
 *fill*         0x0000000000119852        0x2 
 .rodata        0x0000000000119854       0xcf binaries/dhcp.o
 .rodata        0x0000000000119923       0x24 binaries/dns.o
 *fill*         0x0000000000119947        0x1 
 .rodata        0x0000000000119948       0xc9 binaries/hexdump.o
 *fill*         0x0000000000119a11        0x3 
 .rodata        0x0000000000119a14       0x29 binaries/icmp.o
 *fill*         0x0000000000119a3d        0x3 
 .rodata        0x0000000000119a40       0x52 binaries/ip.o
 *fill*         0x0000000000119a92        0x2 
 .rodata        0x0000000000119a94       0x4f binaries/net.o
 *fill*         0x0000000000119ae3        0x1 
 .rodata        0x0000000000119ae4      0x26f binaries/pdump.o
 *fill*         0x0000000000119d53        0x1 
 .rodata        0x0000000000119d54      0x154 binaries/tftp.o
 *fill*         0x0000000000119ea8       0x18 
 .rodata        0x0000000000119ec0      0x38f binaries/shell.o
                0x0000000000119f60                cmdtab
 .rodata        0x000000000011a24f       0x28 binaries/xsh_argecho.o
 *fill*         0x000000000011a277        0x1 
 .rodata        0x000000000011a278      0x123 binaries/xsh_arp.o
 *fill*         0x000000000011a39b        0x1 
 .rodata        0x000000000011a39c       0xc9 binaries/xsh_cat.o
 .rodata        0x000000000011a465       0x19 binaries/xsh_clear.o
 *fill*         0x000000000011a47e        0x2 
 .rodata        0x000000000011a480      0x1c3 binaries/xsh_date.o
 .rodata        0x000000000011a643       0x5d binaries/xsh_devdump.o
 .rodata        0x000000000011a6a0        0x9 binaries/xsh_echo.o
 *fill*         0x000000000011a6a9        0x3 
 .rodata        0x000000000011a6ac      0x169 binaries/xsh_help.o
 *fill*         0x000000000011a815        0x3 
 .rodata        0x000000000011a818      0x12e binaries/xsh_kill.o
 *fill*         0x000000000011a946        0x2 
 .rodata        0x000000000011a948      0x190 binaries/xsh_ls.o
 .rodata        0x000000000011aad8      0x266 binaries/xsh_memdump.o
 *fill*         0x000000000011ad3e        0x2 
 .rodata        0x000000000011ad40      0x225 binaries/xsh_memstat.o
 *fill*         0x000000000011af65        0x3 
 .rodata        0x000000000011af68      0x1b0 binaries/xsh_netinfo.o
 *fill*         0x000000000011b118        0x8 
 .rodata        0x000000000011b120      0x340 binaries/xsh_ns.o
 .rodata        0x000000000011b460      0x19d binaries/xsh_ping.o
 *fill*         0x000000000011b5fd        0x3 
 .rodata        0x000000000011b600      0x1e0 binaries/xsh_ps.o
 .rodata        0x000000000011b7e0       0xeb binaries/xsh_sleep.o
 *fill*         0x000000000011b8cb        0x1 
 .rodata        0x000000000011b8cc       0x94 binaries/xsh_tee.o
 .rodata        0x000000000011b960      0x1b8 binaries/xsh_udpdump.o
 .rodata        0x000000000011bb18      0x27d binaries/xsh_udpecho.o
 *fill*         0x000000000011bd95        0x3 
 .rodata        0x000000000011bd98      0x12b binaries/xsh_udpserver.o
 *fill*         0x000000000011bec3        0x1 
 .rodata        0x000000000011bec4      0x105 binaries/xsh_uptime.o
                0x000000000011bfc9                etext = ABSOLUTE (.)
                0x000000000011c000                . = ALIGN (0x1000)
 *fill*         0x000000000011bfc9       0x37 

.eh_frame       0x000000000011c000     0x2e84
 .eh_frame      0x000000000011c000       0x40 binaries/ascdate.o
 .eh_frame      0x000000000011c040       0x20 binaries/bufinit.o
                                         0x38 (size before relaxing)
 .eh_frame      0x000000000011c060       0x20 binaries/chprio.o
                                         0x38 (size before relaxing)
 .eh_frame      0x000000000011c080       0x20 binaries/clkhandler.o
                                         0x38 (size before relaxing)
 .eh_frame      0x000000000011c0a0       0x20 binaries/clkinit.o
                                         0x38 (size before relaxing)
 .eh_frame      0x000000000011c0c0       0x20 binaries/close.o
                                         0x38 (size before relaxing)
 .eh_frame      0x000000000011c0e0       0x20 binaries/control.o
                                         0x38 (size before relaxing)
 .eh_frame      0x000000000011c100       0x40 binaries/create.o
                                         0x58 (size before relaxing)
 .eh_frame      0x000000000011c140       0x60 binaries/evec.o
                                         0x78 (size before relaxing)
 .eh_frame      0x000000000011c1a0       0x20 binaries/exit.o
                                         0x38 (size before relaxing)
 .eh_frame      0x000000000011c1c0       0x20 binaries/freebuf.o
                                         0x38 (size before relaxing)
 .eh_frame      0x000000000011c1e0       0x20 binaries/freemem.o
                                         0x38 (size before relaxing)
 .eh_frame      0x000000000011c200       0x20 binaries/getbuf.o
                                         0x38 (size before relaxing)
 .eh_frame      0x000000000011c220       0x20 binaries/getc.o
                                         0x38 (size before relaxing)
 .eh_frame      0x000000000011c240       0x20 binaries/getdev.o
                                         0x38 (size before relaxing)
 .eh_frame      0x000000000011c260       0x60 binaries/getitem.o
                                         0x78 (size before relaxing)
 .eh_frame      0x000000000011c2c0       0x20 binaries/getmem.o
                                         0x38 (size before relaxing)
 .eh_frame      0x000000000011c2e0       0x20 binaries/getpid.o
                                         0x38 (size before relaxing)
 .eh_frame      0x000000000011c300       0x20 binaries/getprio.o
                                         0x38 (size before relaxing)
 .eh_frame      0x000000000011c320       0x20 binaries/getstk.o
                                         0x38 (size before relaxing)
 .eh_frame      0x000000000011c340       0x20 binaries/getticks.o
                                         0x38 (size before relaxing)
 .eh_frame      0x000000000011c360       0x20 binaries/gettime.o
                                         0x38 (size before relaxing)
 .eh_frame      0x000000000011c380       0x20 binaries/getutime.o
                                         0x38 (size before relaxing)
 .eh_frame      0x000000000011c3a0       0x8c binaries/i386.o
                                         0xa4 (size before relaxing)
 .eh_frame      0x000000000011c42c       0x20 binaries/init.o
                                         0x38 (size before relaxing)
 .eh_frame      0x000000000011c44c       0xa0 binaries/initialize.o
                                         0xb8 (size before relaxing)
 .eh_frame      0x000000000011c4ec       0x20 binaries/insert.o
                                         0x38 (size before relaxing)
 .eh_frame      0x000000000011c50c       0x20 binaries/insertd.o
                                         0x38 (size before relaxing)
 .eh_frame      0x000000000011c52c       0x20 binaries/ioerr.o
                                         0x38 (size before relaxing)
 .eh_frame      0x000000000011c54c       0x20 binaries/ionull.o
                                         0x38 (size before relaxing)
 .eh_frame      0x000000000011c56c       0x20 binaries/kill.o
                                         0x38 (size before relaxing)
 .eh_frame      0x000000000011c58c       0x60 binaries/kprintf.o
                                         0x78 (size before relaxing)
 .eh_frame      0x000000000011c5ec       0x1c binaries/main.o
                                         0x34 (size before relaxing)
 .eh_frame      0x000000000011c608       0x40 binaries/mark.o
                                         0x58 (size before relaxing)
 .eh_frame      0x000000000011c648       0x20 binaries/meminit.o
                                         0x38 (size before relaxing)
 .eh_frame      0x000000000011c668       0x20 binaries/mkbufpool.o
                                         0x38 (size before relaxing)
 .eh_frame      0x000000000011c688       0x20 binaries/newqueue.o
                                         0x38 (size before relaxing)
 .eh_frame      0x000000000011c6a8       0x20 binaries/open.o
                                         0x38 (size before relaxing)
 .eh_frame      0x000000000011c6c8       0x1c binaries/panic.o
                                         0x34 (size before relaxing)
 .eh_frame      0x000000000011c6e4      0x1c8 binaries/pci.o
                                        0x1e0 (size before relaxing)
 .eh_frame      0x000000000011c8ac       0x20 binaries/ptclear.o
                                         0x38 (size before relaxing)
 .eh_frame      0x000000000011c8cc       0x20 binaries/ptcount.o
                                         0x38 (size before relaxing)
 .eh_frame      0x000000000011c8ec       0x20 binaries/ptcreate.o
                                         0x38 (size before relaxing)
 .eh_frame      0x000000000011c90c       0x20 binaries/ptdelete.o
                                         0x38 (size before relaxing)
 .eh_frame      0x000000000011c92c       0x20 binaries/ptinit.o
                                         0x38 (size before relaxing)
 .eh_frame      0x000000000011c94c       0x20 binaries/ptrecv.o
                                         0x38 (size before relaxing)
 .eh_frame      0x000000000011c96c       0x20 binaries/ptreset.o
                                         0x38 (size before relaxing)
 .eh_frame      0x000000000011c98c       0x20 binaries/ptsend.o
                                         0x38 (size before relaxing)
 .eh_frame      0x000000000011c9ac       0x20 binaries/putc.o
                                         0x38 (size before relaxing)
 .eh_frame      0x000000000011c9cc       0x40 binaries/queue.o
                                         0x58 (size before relaxing)
 .eh_frame      0x000000000011ca0c       0x20 binaries/read.o
                                         0x38 (size before relaxing)
 .eh_frame      0x000000000011ca2c       0x24 binaries/ready.o
                                         0x3c (size before relaxing)
 .eh_frame      0x000000000011ca50       0x20 binaries/receive.o
                                         0x38 (size before relaxing)
 .eh_frame      0x000000000011ca70       0x20 binaries/recvclr.o
                                         0x38 (size before relaxing)
 .eh_frame      0x000000000011ca90       0x20 binaries/recvtime.o
                                         0x38 (size before relaxing)
 .eh_frame      0x000000000011cab0       0x40 binaries/resched.o
                                         0x58 (size before relaxing)
 .eh_frame      0x000000000011caf0       0x20 binaries/resume.o
                                         0x38 (size before relaxing)
 .eh_frame      0x000000000011cb10       0x20 binaries/seek.o
                                         0x38 (size before relaxing)
 .eh_frame      0x000000000011cb30       0x20 binaries/semcount.o
                                         0x38 (size before relaxing)
 .eh_frame      0x000000000011cb50       0x40 binaries/semcreate.o
                                         0x58 (size before relaxing)
 .eh_frame      0x000000000011cb90       0x20 binaries/semdelete.o
                                         0x38 (size before relaxing)
 .eh_frame      0x000000000011cbb0       0x20 binaries/semreset.o
                                         0x38 (size before relaxing)
 .eh_frame      0x000000000011cbd0       0x20 binaries/send.o
                                         0x38 (size before relaxing)
 .eh_frame      0x000000000011cbf0       0x20 binaries/signal.o
                                         0x38 (size before relaxing)
 .eh_frame      0x000000000011cc10       0x20 binaries/signaln.o
                                         0x38 (size before relaxing)
 .eh_frame      0x000000000011cc30       0x40 binaries/sleep.o
                                         0x58 (size before relaxing)
 .eh_frame      0x000000000011cc70       0x20 binaries/stacktrace.o
                                         0x38 (size before relaxing)
 .eh_frame      0x000000000011cc90       0x20 binaries/suspend.o
                                         0x38 (size before relaxing)
 .eh_frame      0x000000000011ccb0       0x20 binaries/unsleep.o
                                         0x38 (size before relaxing)
 .eh_frame      0x000000000011ccd0       0x20 binaries/userret.o
                                         0x38 (size before relaxing)
 .eh_frame      0x000000000011ccf0       0x20 binaries/wait.o
                                         0x38 (size before relaxing)
 .eh_frame      0x000000000011cd10       0x20 binaries/wakeup.o
                                         0x38 (size before relaxing)
 .eh_frame      0x000000000011cd30       0x20 binaries/write.o
                                         0x38 (size before relaxing)
 .eh_frame      0x000000000011cd50       0x20 binaries/xdone.o
                                         0x38 (size before relaxing)
 .eh_frame      0x000000000011cd70       0x20 binaries/yield.o
                                         0x38 (size before relaxing)
 .eh_frame      0x000000000011cd90       0x20 binaries/abs.o
                                         0x38 (size before relaxing)
 .eh_frame      0x000000000011cdb0       0x20 binaries/atoi.o
                                         0x38 (size before relaxing)
 .eh_frame      0x000000000011cdd0       0x20 binaries/atol.o
                                         0x38 (size before relaxing)
 .eh_frame      0x000000000011cdf0       0x20 binaries/bzero.o
                                         0x38 (size before relaxing)
 .eh_frame      0x000000000011ce10       0xe4 binaries/doprnt.o
                                         0xfc (size before relaxing)
 .eh_frame      0x000000000011cef4       0xb0 binaries/doscan.o
                                         0xc8 (size before relaxing)
 .eh_frame      0x000000000011cfa4       0xc0 binaries/fdoprnt.o
                                         0xd8 (size before relaxing)
 .eh_frame      0x000000000011d064       0x20 binaries/fgetc.o
                                         0x38 (size before relaxing)
 .eh_frame      0x000000000011d084       0x20 binaries/fgets.o
                                         0x38 (size before relaxing)
 .eh_frame      0x000000000011d0a4       0x20 binaries/fprintf.o
                                         0x38 (size before relaxing)
 .eh_frame      0x000000000011d0c4       0x20 binaries/fputc.o
                                         0x38 (size before relaxing)
 .eh_frame      0x000000000011d0e4       0x20 binaries/fputs.o
                                         0x38 (size before relaxing)
 .eh_frame      0x000000000011d104       0x60 binaries/fscanf.o
                                         0x78 (size before relaxing)
 .eh_frame      0x000000000011d164       0x20 binaries/getchar.o
                                         0x38 (size before relaxing)
 .eh_frame      0x000000000011d184       0x20 binaries/labs.o
                                         0x38 (size before relaxing)
 .eh_frame      0x000000000011d1a4       0x20 binaries/memcmp.o
                                         0x38 (size before relaxing)
 .eh_frame      0x000000000011d1c4       0x24 binaries/memcpy.o
                                         0x3c (size before relaxing)
 .eh_frame      0x000000000011d1e8       0x24 binaries/memset.o
                                         0x3c (size before relaxing)
 .eh_frame      0x000000000011d20c       0x20 binaries/printf.o
                                         0x38 (size before relaxing)
 .eh_frame      0x000000000011d22c       0x20 binaries/putchar.o
                                         0x38 (size before relaxing)
 .eh_frame      0x000000000011d24c       0xa8 binaries/qsort.o
                                         0xc0 (size before relaxing)
 .eh_frame      0x000000000011d2f4       0x60 binaries/rand.o
                                         0x78 (size before relaxing)
 .eh_frame      0x000000000011d354       0x40 binaries/sprintf.o
                                         0x58 (size before relaxing)
 .eh_frame      0x000000000011d394       0x60 binaries/sscanf.o
                                         0x78 (size before relaxing)
 .eh_frame      0x000000000011d3f4       0x20 binaries/strchr.o
                                         0x38 (size before relaxing)
 .eh_frame      0x000000000011d414       0x20 binaries/strcmp.o
                                         0x38 (size before relaxing)
 .eh_frame      0x000000000011d434       0x20 binaries/strcpy.o
                                         0x38 (size before relaxing)
 .eh_frame      0x000000000011d454       0x20 binaries/strlen.o
                                         0x38 (size before relaxing)
 .eh_frame      0x000000000011d474       0x20 binaries/strncat.o
                                         0x38 (size before relaxing)
 .eh_frame      0x000000000011d494       0x20 binaries/strncmp.o
                                         0x38 (size before relaxing)
 .eh_frame      0x000000000011d4b4       0x28 binaries/strncpy.o
                                         0x40 (size before relaxing)
 .eh_frame      0x000000000011d4dc       0x20 binaries/strnlen.o
                                         0x38 (size before relaxing)
 .eh_frame      0x000000000011d4fc       0x20 binaries/strrchr.o
                                         0x38 (size before relaxing)
 .eh_frame      0x000000000011d51c       0x20 binaries/strstr.o
                                         0x38 (size before relaxing)
 .eh_frame      0x000000000011d53c       0x20 binaries/ttycontrol.o
                                         0x38 (size before relaxing)
 .eh_frame      0x000000000011d55c       0x20 binaries/ttygetc.o
                                         0x38 (size before relaxing)
 .eh_frame      0x000000000011d57c       0x80 binaries/ttyhandle_in.o
                                         0x98 (size before relaxing)
 .eh_frame      0x000000000011d5fc       0x20 binaries/ttyhandle_out.o
                                         0x38 (size before relaxing)
 .eh_frame      0x000000000011d61c       0x20 binaries/ttyhandler.o
                                         0x38 (size before relaxing)
 .eh_frame      0x000000000011d63c       0x20 binaries/ttyinit.o
                                         0x38 (size before relaxing)
 .eh_frame      0x000000000011d65c       0x20 binaries/ttykickout.o
                                         0x38 (size before relaxing)
 .eh_frame      0x000000000011d67c       0x20 binaries/ttyputc.o
                                         0x38 (size before relaxing)
 .eh_frame      0x000000000011d69c       0x28 binaries/ttyread.o
                                         0x40 (size before relaxing)
 .eh_frame      0x000000000011d6c4       0x20 binaries/ttywrite.o
                                         0x38 (size before relaxing)
 .eh_frame      0x000000000011d6e4       0x40 binaries/mount.o
                                         0x58 (size before relaxing)
 .eh_frame      0x000000000011d724       0x20 binaries/naminit.o
                                         0x38 (size before relaxing)
 .eh_frame      0x000000000011d744       0x60 binaries/nammap.o
                                         0x78 (size before relaxing)
 .eh_frame      0x000000000011d7a4       0x20 binaries/namopen.o
                                         0x38 (size before relaxing)
 .eh_frame      0x000000000011d7c4      0x150 binaries/82545EMInit.o
                                        0x168 (size before relaxing)
 .eh_frame      0x000000000011d914       0xa0 binaries/ethcontrol.o
                                         0xb8 (size before relaxing)
 .eh_frame      0x000000000011d9b4       0x80 binaries/ethhandler.o
                                         0x98 (size before relaxing)
 .eh_frame      0x000000000011da34       0x20 binaries/ethinit.o
                                         0x38 (size before relaxing)
 .eh_frame      0x000000000011da54       0x60 binaries/ethread.o
                                         0x78 (size before relaxing)
 .eh_frame      0x000000000011dab4       0x60 binaries/ethwrite.o
                                         0x78 (size before relaxing)
 .eh_frame      0x000000000011db14       0x20 binaries/rdscomm.o
                                         0x38 (size before relaxing)
 .eh_frame      0x000000000011db34       0x20 binaries/rdscontrol.o
                                         0x38 (size before relaxing)
 .eh_frame      0x000000000011db54       0x20 binaries/rdsinit.o
                                         0x38 (size before relaxing)
 .eh_frame      0x000000000011db74       0x20 binaries/rdsopen.o
                                         0x38 (size before relaxing)
 .eh_frame      0x000000000011db94       0x1c binaries/rdsprocess.o
                                         0x34 (size before relaxing)
 .eh_frame      0x000000000011dbb0       0xc0 binaries/rdsqfcns.o
                                         0xd8 (size before relaxing)
 .eh_frame      0x000000000011dc70       0x20 binaries/rdsread.o
                                         0x38 (size before relaxing)
 .eh_frame      0x000000000011dc90       0x20 binaries/rdssetprio.o
                                         0x38 (size before relaxing)
 .eh_frame      0x000000000011dcb0       0x20 binaries/rdswrite.o
                                         0x38 (size before relaxing)
 .eh_frame      0x000000000011dcd0       0x20 binaries/ramclose.o
                                         0x38 (size before relaxing)
 .eh_frame      0x000000000011dcf0       0x20 binaries/raminit.o
                                         0x38 (size before relaxing)
 .eh_frame      0x000000000011dd10       0x20 binaries/ramopen.o
                                         0x38 (size before relaxing)
 .eh_frame      0x000000000011dd30       0x20 binaries/ramread.o
                                         0x38 (size before relaxing)
 .eh_frame      0x000000000011dd50       0x20 binaries/ramwrite.o
                                         0x38 (size before relaxing)
 .eh_frame      0x000000000011dd70       0x20 binaries/lfdballoc.o
                                         0x38 (size before relaxing)
 .eh_frame      0x000000000011dd90       0x20 binaries/lfdbfree.o
                                         0x38 (size before relaxing)
 .eh_frame      0x000000000011ddb0       0x20 binaries/lfflush.o
                                         0x38 (size before relaxing)
 .eh_frame      0x000000000011ddd0       0x20 binaries/lfgetmode.o
                                         0x38 (size before relaxing)
 .eh_frame      0x000000000011ddf0       0x20 binaries/lfiballoc.o
                                         0x38 (size before relaxing)
 .eh_frame      0x000000000011de10       0x20 binaries/lfibclear.o
                                         0x38 (size before relaxing)
 .eh_frame      0x000000000011de30       0x20 binaries/lfibget.o
                                         0x38 (size before relaxing)
 .eh_frame      0x000000000011de50       0x20 binaries/lfibput.o
                                         0x38 (size before relaxing)
 .eh_frame      0x000000000011de70       0x20 binaries/lflclose.o
                                         0x38 (size before relaxing)
 .eh_frame      0x000000000011de90       0x20 binaries/lflcontrol.o
                                         0x38 (size before relaxing)
 .eh_frame      0x000000000011deb0       0x20 binaries/lflgetc.o
                                         0x38 (size before relaxing)
 .eh_frame      0x000000000011ded0       0x20 binaries/lflinit.o
                                         0x38 (size before relaxing)
 .eh_frame      0x000000000011def0       0x20 binaries/lflputc.o
                                         0x38 (size before relaxing)
 .eh_frame      0x000000000011df10       0x20 binaries/lflread.o
                                         0x38 (size before relaxing)
 .eh_frame      0x000000000011df30       0x20 binaries/lflseek.o
                                         0x38 (size before relaxing)
 .eh_frame      0x000000000011df50       0x20 binaries/lflwrite.o
                                         0x38 (size before relaxing)
 .eh_frame      0x000000000011df70       0x20 binaries/lfscheck.o
                                         0x38 (size before relaxing)
 .eh_frame      0x000000000011df90       0x20 binaries/lfsckfmt.o
                                         0x38 (size before relaxing)
 .eh_frame      0x000000000011dfb0       0x20 binaries/lfscreate.o
                                         0x38 (size before relaxing)
 .eh_frame      0x000000000011dfd0       0x20 binaries/lfsetup.o
                                         0x38 (size before relaxing)
 .eh_frame      0x000000000011dff0       0x20 binaries/lfsinit.o
                                         0x38 (size before relaxing)
 .eh_frame      0x000000000011e010       0x20 binaries/lfsopen.o
                                         0x38 (size before relaxing)
 .eh_frame      0x000000000011e030       0x20 binaries/lftruncate.o
                                         0x38 (size before relaxing)
 .eh_frame      0x000000000011e050       0x20 binaries/rflclose.o
                                         0x38 (size before relaxing)
 .eh_frame      0x000000000011e070       0x20 binaries/rflgetc.o
                                         0x38 (size before relaxing)
 .eh_frame      0x000000000011e090       0x20 binaries/rflinit.o
                                         0x38 (size before relaxing)
 .eh_frame      0x000000000011e0b0       0x20 binaries/rflputc.o
                                         0x38 (size before relaxing)
 .eh_frame      0x000000000011e0d0       0x20 binaries/rflread.o
                                         0x38 (size before relaxing)
 .eh_frame      0x000000000011e0f0       0x20 binaries/rflseek.o
                                         0x38 (size before relaxing)
 .eh_frame      0x000000000011e110       0x20 binaries/rflwrite.o
                                         0x38 (size before relaxing)
 .eh_frame      0x000000000011e130       0x20 binaries/rfscomm.o
                                         0x38 (size before relaxing)
 .eh_frame      0x000000000011e150       0x20 binaries/rfscontrol.o
                                         0x38 (size before relaxing)
 .eh_frame      0x000000000011e170       0x20 binaries/rfsgetmode.o
                                         0x38 (size before relaxing)
 .eh_frame      0x000000000011e190       0x20 binaries/rfsinit.o
                                         0x38 (size before relaxing)
 .eh_frame      0x000000000011e1b0       0x20 binaries/rfsndmsg.o
                                         0x38 (size before relaxing)
 .eh_frame      0x000000000011e1d0       0x20 binaries/rfsopen.o
                                         0x38 (size before relaxing)
 .eh_frame      0x000000000011e1f0       0x20 binaries/pipe_close.o
                                         0x38 (size before relaxing)
 .eh_frame      0x000000000011e210       0x20 binaries/pipe_getc.o
                                         0x38 (size before relaxing)
 .eh_frame      0x000000000011e230       0x20 binaries/pipe_init.o
                                         0x38 (size before relaxing)
 .eh_frame      0x000000000011e250       0x20 binaries/pipe_open.o
                                         0x38 (size before relaxing)
 .eh_frame      0x000000000011e270       0x20 binaries/pipe_putc.o
                                         0x38 (size before relaxing)
 .eh_frame      0x000000000011e290       0x20 binaries/pipe_read.o
                                         0x38 (size before relaxing)
 .eh_frame      0x000000000011e2b0       0x20 binaries/pipe_write.o
                                         0x38 (size before relaxing)
 .eh_frame      0x000000000011e2d0       0xc0 binaries/arp.o
                                         0xd8 (size before relaxing)
 .eh_frame      0x000000000011e390       0xa0 binaries/dhcp.o
                                         0xb8 (size before relaxing)
 .eh_frame      0x000000000011e430       0x80 binaries/dns.o
                                         0x98 (size before relaxing)
 .eh_frame      0x000000000011e4b0       0x20 binaries/dot2ip.o
                                         0x38 (size before relaxing)
 .eh_frame      0x000000000011e4d0       0x40 binaries/hexdump.o
                                         0x58 (size before relaxing)
 .eh_frame      0x000000000011e510      0x150 binaries/icmp.o
                                        0x168 (size before relaxing)
 .eh_frame      0x000000000011e660      0x11c binaries/ip.o
                                        0x134 (size before relaxing)
 .eh_frame      0x000000000011e77c       0xa0 binaries/net.o
                                         0xb8 (size before relaxing)
 .eh_frame      0x000000000011e81c       0x60 binaries/pdump.o
                                         0x78 (size before relaxing)
 .eh_frame      0x000000000011e87c       0x60 binaries/tftp.o
                                         0x78 (size before relaxing)
 .eh_frame      0x000000000011e8dc      0x140 binaries/udp.o
                                        0x158 (size before relaxing)
 .eh_frame      0x000000000011ea1c       0x28 binaries/addargs.o
                                         0x40 (size before relaxing)
 .eh_frame      0x000000000011ea44       0x20 binaries/lexan.o
                                         0x38 (size before relaxing)
 .eh_frame      0x000000000011ea64       0x50 binaries/shell.o
                                         0x68 (size before relaxing)
 .eh_frame      0x000000000011eab4       0x20 binaries/xsh_argecho.o
                                         0x38 (size before relaxing)
 .eh_frame      0x000000000011ead4       0x40 binaries/xsh_arp.o
                                         0x58 (size before relaxing)
 .eh_frame      0x000000000011eb14       0x20 binaries/xsh_cat.o
                                         0x38 (size before relaxing)
 .eh_frame      0x000000000011eb34       0x20 binaries/xsh_clear.o
                                         0x38 (size before relaxing)
 .eh_frame      0x000000000011eb54       0x20 binaries/xsh_date.o
                                         0x38 (size before relaxing)
 .eh_frame      0x000000000011eb74       0x20 binaries/xsh_devdump.o
                                         0x38 (size before relaxing)
 .eh_frame      0x000000000011eb94       0x20 binaries/xsh_echo.o
                                         0x38 (size before relaxing)
 .eh_frame      0x000000000011ebb4       0x20 binaries/xsh_exit.o
                                         0x38 (size before relaxing)
 .eh_frame      0x000000000011ebd4       0x2c binaries/xsh_help.o
                                         0x44 (size before relaxing)
 .eh_frame      0x000000000011ec00       0x20 binaries/xsh_kill.o
                                         0x38 (size before relaxing)
 .eh_frame      0x000000000011ec20       0x2c binaries/xsh_ls.o
                                         0x44 (size before relaxing)
 .eh_frame      0x000000000011ec4c       0x40 binaries/xsh_memdump.o
                                         0x58 (size before relaxing)
 .eh_frame      0x000000000011ec8c       0x60 binaries/xsh_memstat.o
                                         0x78 (size before relaxing)
 .eh_frame      0x000000000011ecec       0x30 binaries/xsh_netinfo.o
                                         0x48 (size before relaxing)
 .eh_frame      0x000000000011ed1c       0x30 binaries/xsh_ns.o
                                         0x48 (size before relaxing)
 .eh_frame      0x000000000011ed4c       0x28 binaries/xsh_ping.o
                                         0x40 (size before relaxing)
 .eh_frame      0x000000000011ed74       0x30 binaries/xsh_ps.o
                                         0x48 (size before relaxing)
 .eh_frame      0x000000000011eda4       0x20 binaries/xsh_sleep.o
                                         0x38 (size before relaxing)
 .eh_frame      0x000000000011edc4       0x28 binaries/xsh_tee.o
                                         0x40 (size before relaxing)
 .eh_frame      0x000000000011edec       0x20 binaries/xsh_udpdump.o
                                         0x38 (size before relaxing)
 .eh_frame      0x000000000011ee0c       0x30 binaries/xsh_udpecho.o
                                         0x48 (size before relaxing)
 .eh_frame      0x000000000011ee3c       0x28 binaries/xsh_udpserver.o
                                         0x40 (size before relaxing)
 .eh_frame      0x000000000011ee64       0x20 binaries/xsh_uptime.o
                                         0x38 (size before relaxing)

.iplt           0x000000000011ee84        0x0
 .iplt          0x000000000011ee84        0x0 binaries/start.o

.rel.dyn        0x000000000011ee84        0x0
 .rel.got       0x000000000011ee84        0x0 binaries/start.o
 .rel.iplt      0x000000000011ee84        0x0 binaries/start.o
 .rel.text      0x000000000011ee84        0x0 binaries/start.o

.data           0x000000000011eea0     0x1160
                0x000000000011eea0                data = ABSOLUTE (.)
 *(.data .data.*)
 .data          0x000000000011eea0      0x460 binaries/start.o
                0x000000000011eea0                gdt
                0x000000000011eee0                gdtr
                0x000000000011eee6                idt
                0x000000000011f2e6                idtr
                0x000000000011f2ec                cpudelay
                0x000000000011f2f0                _bootdev
                0x000000000011f2f4                _cyloffset
 .data          0x000000000011f300       0x88 binaries/ascdate.o
                0x000000000011f300                Date
 .data          0x000000000011f388        0x0 binaries/bufinit.o
 .data          0x000000000011f388        0x0 binaries/chprio.o
 .data          0x000000000011f388        0x4 binaries/clkhandler.o
 .data          0x000000000011f38c        0x0 binaries/clkinit.o
 .data          0x000000000011f38c        0x0 binaries/close.o
 *fill*         0x000000000011f38c       0x14 
 .data          0x000000000011f3a0      0x834 binaries/conf.o
                0x000000000011f3a0                devtab
 .data          0x000000000011fbd4        0x0 binaries/control.o
 .data          0x000000000011fbd4        0x4 binaries/create.o
 *fill*         0x000000000011fbd8        0x8 
 .data          0x000000000011fbe0       0x40 binaries/evec.o
                0x000000000011fbe0                inames
 .data          0x000000000011fc20        0x0 binaries/exit.o
 .data          0x000000000011fc20        0x0 binaries/freebuf.o
 .data          0x000000000011fc20        0x0 binaries/freemem.o
 .data          0x000000000011fc20        0x0 binaries/getbuf.o
 .data          0x000000000011fc20        0x0 binaries/getc.o
 .data          0x000000000011fc20        0x0 binaries/getdev.o
[...]
 .comment       0x0000000000000023       0x24 binaries/xsh_arp.o
 .comment       0x0000000000000023       0x24 binaries/xsh_cat.o
 .comment       0x0000000000000023       0x24 binaries/xsh_clear.o
 .comment       0x0000000000000023       0x24 binaries/xsh_date.o
 .comment       0x0000000000000023       0x24 binaries/xsh_devdump.o
 .comment       0x0000000000000023       0x24 binaries/xsh_echo.o
 .comment       0x0000000000000023       0x24 binaries/xsh_exit.o
 .comment       0x0000000000000023       0x24 binaries/xsh_help.o
 .comment       0x0000000000000023       0x24 binaries/xsh_kill.o
 .comment       0x0000000000000023       0x24 binaries/xsh_ls.o
 .comment       0x0000000000000023       0x24 binaries/xsh_memdump.o
 .comment       0x0000000000000023       0x24 binaries/xsh_memstat.o
 .comment       0x0000000000000023       0x24 binaries/xsh_netinfo.o
 .comment       0x0000000000000023       0x24 binaries/xsh_ns.o
 .comment       0x0000000000000023       0x24 binaries/xsh_ping.o
 .comment       0x0000000000000023       0x24 binaries/xsh_ps.o
 .comment       0x0000000000000023       0x24 binaries/xsh_sleep.o
 .comment       0x0000000000000023       0x24 binaries/xsh_tee.o
 .comment       0x0000000000000023       0x24 binaries/xsh_udpdump.o
 .comment       0x0000000000000023       0x24 binaries/xsh_udpecho.o
 .comment       0x0000000000000023       0x24 binaries/xsh_udpserver.o
 .comment       0x0000000000000023       0x24 binaries/xsh_uptime.o

.note.GNU-stack
                0x0000000000000000        0x0
 .note.GNU-stack
                0x0000000000000000        0x0 binaries/ascdate.o
 .note.GNU-stack
                0x0000000000000000        0x0 binaries/bufinit.o
 .note.GNU-stack
                0x0000000000000000        0x0 binaries/chprio.o
 .note.GNU-stack
                0x0000000000000000        0x0 binaries/clkhandler.o
 .note.GNU-stack
                0x0000000000000000        0x0 binaries/clkinit.o
 .note.GNU-stack
                0x0000000000000000        0x0 binaries/close.o
 .note.GNU-stack
                0x0000000000000000        0x0 binaries/conf.o
 .note.GNU-stack
                0x0000000000000000        0x0 binaries/control.o
 .note.GNU-stack
                0x0000000000000000        0x0 binaries/create.o
 .note.GNU-stack
                0x0000000000000000        0x0 binaries/evec.o
 .note.GNU-stack
                0x0000000000000000        0x0 binaries/exit.o
 .note.GNU-stack
                0x0000000000000000        0x0 binaries/freebuf.o
 .note.GNU-stack
                0x0000000000000000        0x0 binaries/freemem.o
 .note.GNU-stack
                0x0000000000000000        0x0 binaries/getbuf.o
 .note.GNU-stack
                0x0000000000000000        0x0 binaries/getc.o
 .note.GNU-stack
                0x0000000000000000        0x0 binaries/getdev.o
 .note.GNU-stack
                0x0000000000000000        0x0 binaries/getitem.o
 .note.GNU-stack
                0x0000000000000000        0x0 binaries/getmem.o
 .note.GNU-stack
                0x0000000000000000        0x0 binaries/getpid.o
 .note.GNU-stack
                0x0000000000000000        0x0 binaries/getprio.o
 .note.GNU-stack
                0x0000000000000000        0x0 binaries/getstk.o
 .note.GNU-stack
                0x0000000000000000        0x0 binaries/getticks.o
 .note.GNU-stack
                0x0000000000000000        0x0 binaries/gettime.o
 .note.GNU-stack
                0x0000000000000000        0x0 binaries/getutime.o
 .note.GNU-stack
                0x0000000000000000        0x0 binaries/i386.o
 .note.GNU-stack
                0x0000000000000000        0x0 binaries/init.o
 .note.GNU-stack
                0x0000000000000000        0x0 binaries/initialize.o
 .note.GNU-stack
                0x0000000000000000        0x0 binaries/insert.o
 .note.GNU-stack
                0x0000000000000000        0x0 binaries/insertd.o
 .note.GNU-stack
                0x0000000000000000        0x0 binaries/ioerr.o
 .note.GNU-stack
                0x0000000000000000        0x0 binaries/ionull.o
 .note.GNU-stack
                0x0000000000000000        0x0 binaries/kill.o
 .note.GNU-stack
                0x0000000000000000        0x0 binaries/kprintf.o
 .note.GNU-stack
                0x0000000000000000        0x0 binaries/main.o
 .note.GNU-stack
                0x0000000000000000        0x0 binaries/mark.o
 .note.GNU-stack
                0x0000000000000000        0x0 binaries/meminit.o
 .note.GNU-stack
                0x0000000000000000        0x0 binaries/mkbufpool.o
 .note.GNU-stack
                0x0000000000000000        0x0 binaries/newqueue.o
 .note.GNU-stack
                0x0000000000000000        0x0 binaries/open.o
 .note.GNU-stack
                0x0000000000000000        0x0 binaries/panic.o
 .note.GNU-stack
                0x0000000000000000        0x0 binaries/pci.o
 .note.GNU-stack
                0x0000000000000000        0x0 binaries/ptclear.o
 .note.GNU-stack
                0x0000000000000000        0x0 binaries/ptcount.o
 .note.GNU-stack
                0x0000000000000000        0x0 binaries/ptcreate.o
 .note.GNU-stack
                0x0000000000000000        0x0 binaries/ptdelete.o
 .note.GNU-stack
                0x0000000000000000        0x0 binaries/ptinit.o
 .note.GNU-stack
                0x0000000000000000        0x0 binaries/ptrecv.o
 .note.GNU-stack
                0x0000000000000000        0x0 binaries/ptreset.o
 .note.GNU-stack
                0x0000000000000000        0x0 binaries/ptsend.o
 .note.GNU-stack
                0x0000000000000000        0x0 binaries/putc.o
 .note.GNU-stack
                0x0000000000000000        0x0 binaries/queue.o
 .note.GNU-stack
                0x0000000000000000        0x0 binaries/read.o
 .note.GNU-stack
                0x0000000000000000        0x0 binaries/ready.o
 .note.GNU-stack
                0x0000000000000000        0x0 binaries/receive.o
 .note.GNU-stack
                0x0000000000000000        0x0 binaries/recvclr.o
 .note.GNU-stack
                0x0000000000000000        0x0 binaries/recvtime.o
 .note.GNU-stack
                0x0000000000000000        0x0 binaries/resched.o
 .note.GNU-stack
                0x0000000000000000        0x0 binaries/resume.o
 .note.GNU-stack
                0x0000000000000000        0x0 binaries/seek.o
 .note.GNU-stack
                0x0000000000000000        0x0 binaries/semcount.o
 .note.GNU-stack
                0x0000000000000000        0x0 binaries/semcreate.o
 .note.GNU-stack
                0x0000000000000000        0x0 binaries/semdelete.o
 .note.GNU-stack
                0x0000000000000000        0x0 binaries/semreset.o
 .note.GNU-stack
                0x0000000000000000        0x0 binaries/send.o
 .note.GNU-stack
                0x0000000000000000        0x0 binaries/signal.o
 .note.GNU-stack
                0x0000000000000000        0x0 binaries/signaln.o
 .note.GNU-stack
                0x0000000000000000        0x0 binaries/sleep.o
 .note.GNU-stack
                0x0000000000000000        0x0 binaries/stacktrace.o
 .note.GNU-stack
                0x0000000000000000        0x0 binaries/suspend.o
 .note.GNU-stack
                0x0000000000000000        0x0 binaries/unsleep.o
 .note.GNU-stack
                0x0000000000000000        0x0 binaries/userret.o
 .note.GNU-stack
                0x0000000000000000        0x0 binaries/wait.o
 .note.GNU-stack
                0x0000000000000000        0x0 binaries/wakeup.o
 .note.GNU-stack
                0x0000000000000000        0x0 binaries/write.o
 .note.GNU-stack
                0x0000000000000000        0x0 binaries/xdone.o
 .note.GNU-stack
                0x0000000000000000        0x0 binaries/yield.o
 .note.GNU-stack
                0x0000000000000000        0x0 binaries/abs.o
 .note.GNU-stack
                0x0000000000000000        0x0 binaries/atoi.o
 .note.GNU-stack
                0x0000000000000000        0x0 binaries/atol.o
 .note.GNU-stack
                0x0000000000000000        0x0 binaries/bzero.o
 .note.GNU-stack
                0x0000000000000000        0x0 binaries/ctype_.o
 .note.GNU-stack
                0x0000000000000000        0x0 binaries/doprnt.o
 .note.GNU-stack
                0x0000000000000000        0x0 binaries/doscan.o
 .note.GNU-stack
                0x0000000000000000        0x0 binaries/fdoprnt.o
 .note.GNU-stack
                0x0000000000000000        0x0 binaries/fgetc.o
 .note.GNU-stack
                0x0000000000000000        0x0 binaries/fgets.o
 .note.GNU-stack
                0x0000000000000000        0x0 binaries/fprintf.o
 .note.GNU-stack
                0x0000000000000000        0x0 binaries/fputc.o
 .note.GNU-stack
                0x0000000000000000        0x0 binaries/fputs.o
 .note.GNU-stack
                0x0000000000000000        0x0 binaries/fscanf.o
 .note.GNU-stack
                0x0000000000000000        0x0 binaries/getchar.o
 .note.GNU-stack
                0x0000000000000000        0x0 binaries/labs.o
 .note.GNU-stack
                0x0000000000000000        0x0 binaries/memcmp.o
 .note.GNU-stack
                0x0000000000000000        0x0 binaries/memcpy.o
 .note.GNU-stack
                0x0000000000000000        0x0 binaries/memset.o
 .note.GNU-stack
                0x0000000000000000        0x0 binaries/printf.o
 .note.GNU-stack
                0x0000000000000000        0x0 binaries/putchar.o
 .note.GNU-stack
                0x0000000000000000        0x0 binaries/qsort.o
 .note.GNU-stack
                0x0000000000000000        0x0 binaries/rand.o
 .note.GNU-stack
                0x0000000000000000        0x0 binaries/sprintf.o
 .note.GNU-stack
                0x0000000000000000        0x0 binaries/sscanf.o
 .note.GNU-stack
                0x0000000000000000        0x0 binaries/strchr.o
 .note.GNU-stack
                0x0000000000000000        0x0 binaries/strcmp.o
 .note.GNU-stack
                0x0000000000000000        0x0 binaries/strcpy.o
 .note.GNU-stack
                0x0000000000000000        0x0 binaries/strlen.o
 .note.GNU-stack
                0x0000000000000000        0x0 binaries/strncat.o
 .note.GNU-stack
                0x0000000000000000        0x0 binaries/strncmp.o
 .note.GNU-stack
                0x0000000000000000        0x0 binaries/strncpy.o
 .note.GNU-stack
                0x0000000000000000        0x0 binaries/strnlen.o
 .note.GNU-stack
                0x0000000000000000        0x0 binaries/strrchr.o
 .note.GNU-stack
                0x0000000000000000        0x0 binaries/strstr.o
 .note.GNU-stack
                0x0000000000000000        0x0 binaries/ttycontrol.o
 .note.GNU-stack
                0x0000000000000000        0x0 binaries/ttygetc.o
 .note.GNU-stack
                0x0000000000000000        0x0 binaries/ttyhandle_in.o
 .note.GNU-stack
                0x0000000000000000        0x0 binaries/ttyhandle_out.o
 .note.GNU-stack
                0x0000000000000000        0x0 binaries/ttyhandler.o
 .note.GNU-stack
                0x0000000000000000        0x0 binaries/ttyinit.o
 .note.GNU-stack
                0x0000000000000000        0x0 binaries/ttykickout.o
 .note.GNU-stack
                0x0000000000000000        0x0 binaries/ttyputc.o
 .note.GNU-stack
                0x0000000000000000        0x0 binaries/ttyread.o
 .note.GNU-stack
                0x0000000000000000        0x0 binaries/ttywrite.o
 .note.GNU-stack
                0x0000000000000000        0x0 binaries/mount.o
 .note.GNU-stack
                0x0000000000000000        0x0 binaries/naminit.o
 .note.GNU-stack
                0x0000000000000000        0x0 binaries/nammap.o
 .note.GNU-stack
                0x0000000000000000        0x0 binaries/namopen.o
 .note.GNU-stack
                0x0000000000000000        0x0 binaries/82545EMInit.o
 .note.GNU-stack
                0x0000000000000000        0x0 binaries/ethcontrol.o
 .note.GNU-stack
                0x0000000000000000        0x0 binaries/ethhandler.o
 .note.GNU-stack
                0x0000000000000000        0x0 binaries/ethinit.o
 .note.GNU-stack
                0x0000000000000000        0x0 binaries/ethread.o
 .note.GNU-stack
                0x0000000000000000        0x0 binaries/ethwrite.o
 .note.GNU-stack
                0x0000000000000000        0x0 binaries/rdscomm.o
 .note.GNU-stack
                0x0000000000000000        0x0 binaries/rdscontrol.o
 .note.GNU-stack
                0x0000000000000000        0x0 binaries/rdsinit.o
 .note.GNU-stack
                0x0000000000000000        0x0 binaries/rdsopen.o
 .note.GNU-stack
                0x0000000000000000        0x0 binaries/rdsprocess.o
 .note.GNU-stack
                0x0000000000000000        0x0 binaries/rdsqfcns.o
 .note.GNU-stack
                0x0000000000000000        0x0 binaries/rdsread.o
 .note.GNU-stack
                0x0000000000000000        0x0 binaries/rdssetprio.o
 .note.GNU-stack
                0x0000000000000000        0x0 binaries/rdswrite.o
 .note.GNU-stack
                0x0000000000000000        0x0 binaries/ramclose.o
 .note.GNU-stack
                0x0000000000000000        0x0 binaries/raminit.o
 .note.GNU-stack
                0x0000000000000000        0x0 binaries/ramopen.o
 .note.GNU-stack
                0x0000000000000000        0x0 binaries/ramread.o
 .note.GNU-stack
                0x0000000000000000        0x0 binaries/ramwrite.o
 .note.GNU-stack
                0x0000000000000000        0x0 binaries/lfdballoc.o
 .note.GNU-stack
                0x0000000000000000        0x0 binaries/lfdbfree.o
 .note.GNU-stack
                0x0000000000000000        0x0 binaries/lfflush.o
 .note.GNU-stack
                0x0000000000000000        0x0 binaries/lfgetmode.o
 .note.GNU-stack
                0x0000000000000000        0x0 binaries/lfiballoc.o
 .note.GNU-stack
                0x0000000000000000        0x0 binaries/lfibclear.o
 .note.GNU-stack
                0x0000000000000000        0x0 binaries/lfibget.o
 .note.GNU-stack
                0x0000000000000000        0x0 binaries/lfibput.o
 .note.GNU-stack
                0x0000000000000000        0x0 binaries/lflclose.o
 .note.GNU-stack
                0x0000000000000000        0x0 binaries/lflcontrol.o
 .note.GNU-stack
                0x0000000000000000        0x0 binaries/lflgetc.o
 .note.GNU-stack
                0x0000000000000000        0x0 binaries/lflinit.o
 .note.GNU-stack
                0x0000000000000000        0x0 binaries/lflputc.o
 .note.GNU-stack
                0x0000000000000000        0x0 binaries/lflread.o
 .note.GNU-stack
                0x0000000000000000        0x0 binaries/lflseek.o
 .note.GNU-stack
                0x0000000000000000        0x0 binaries/lflwrite.o
 .note.GNU-stack
                0x0000000000000000        0x0 binaries/lfscheck.o
 .note.GNU-stack
                0x0000000000000000        0x0 binaries/lfsckfmt.o
 .note.GNU-stack
                0x0000000000000000        0x0 binaries/lfscreate.o
 .note.GNU-stack
                0x0000000000000000        0x0 binaries/lfsetup.o
 .note.GNU-stack
                0x0000000000000000        0x0 binaries/lfsinit.o
 .note.GNU-stack
                0x0000000000000000        0x0 binaries/lfsopen.o
 .note.GNU-stack
                0x0000000000000000        0x0 binaries/lftruncate.o
 .note.GNU-stack
                0x0000000000000000        0x0 binaries/rflclose.o
 .note.GNU-stack
                0x0000000000000000        0x0 binaries/rflgetc.o
 .note.GNU-stack
                0x0000000000000000        0x0 binaries/rflinit.o
 .note.GNU-stack
                0x0000000000000000        0x0 binaries/rflputc.o
 .note.GNU-stack
                0x0000000000000000        0x0 binaries/rflread.o
 .note.GNU-stack
                0x0000000000000000        0x0 binaries/rflseek.o
 .note.GNU-stack
                0x0000000000000000        0x0 binaries/rflwrite.o
 .note.GNU-stack
                0x0000000000000000        0x0 binaries/rfscomm.o
 .note.GNU-stack
                0x0000000000000000        0x0 binaries/rfscontrol.o
 .note.GNU-stack
                0x0000000000000000        0x0 binaries/rfsgetmode.o
 .note.GNU-stack
                0x0000000000000000        0x0 binaries/rfsinit.o
 .note.GNU-stack
                0x0000000000000000        0x0 binaries/rfsndmsg.o
 .note.GNU-stack
                0x0000000000000000        0x0 binaries/rfsopen.o
 .note.GNU-stack
                0x0000000000000000        0x0 binaries/pipe_close.o
 .note.GNU-stack
                0x0000000000000000        0x0 binaries/pipe_getc.o
 .note.GNU-stack
                0x0000000000000000        0x0 binaries/pipe_init.o
 .note.GNU-stack
                0x0000000000000000        0x0 binaries/pipe_open.o
 .note.GNU-stack
                0x0000000000000000        0x0 binaries/pipe_putc.o
 .note.GNU-stack
                0x0000000000000000        0x0 binaries/pipe_read.o
 .note.GNU-stack
                0x0000000000000000        0x0 binaries/pipe_write.o
 .note.GNU-stack
                0x0000000000000000        0x0 binaries/arp.o
 .note.GNU-stack
                0x0000000000000000        0x0 binaries/dhcp.o
 .note.GNU-stack
                0x0000000000000000        0x0 binaries/dns.o
 .note.GNU-stack
                0x0000000000000000        0x0 binaries/dot2ip.o
 .note.GNU-stack
                0x0000000000000000        0x0 binaries/hexdump.o
 .note.GNU-stack
                0x0000000000000000        0x0 binaries/icmp.o
 .note.GNU-stack
                0x0000000000000000        0x0 binaries/ip.o
 .note.GNU-stack
                0x0000000000000000        0x0 binaries/net.o
 .note.GNU-stack
                0x0000000000000000        0x0 binaries/pdump.o
 .note.GNU-stack
                0x0000000000000000        0x0 binaries/tftp.o
 .note.GNU-stack
                0x0000000000000000        0x0 binaries/udp.o
 .note.GNU-stack
                0x0000000000000000        0x0 binaries/addargs.o
 .note.GNU-stack
                0x0000000000000000        0x0 binaries/lexan.o
 .note.GNU-stack
                0x0000000000000000        0x0 binaries/shell.o
 .note.GNU-stack
                0x0000000000000000        0x0 binaries/xsh_argecho.o
 .note.GNU-stack
                0x0000000000000000        0x0 binaries/xsh_arp.o
 .note.GNU-stack
                0x0000000000000000        0x0 binaries/xsh_cat.o
 .note.GNU-stack
                0x0000000000000000        0x0 binaries/xsh_clear.o
 .note.GNU-stack
                0x0000000000000000        0x0 binaries/xsh_date.o
 .note.GNU-stack
                0x0000000000000000        0x0 binaries/xsh_devdump.o
 .note.GNU-stack
                0x0000000000000000        0x0 binaries/xsh_echo.o
 .note.GNU-stack
                0x0000000000000000        0x0 binaries/xsh_exit.o
 .note.GNU-stack
                0x0000000000000000        0x0 binaries/xsh_help.o
 .note.GNU-stack
                0x0000000000000000        0x0 binaries/xsh_kill.o
 .note.GNU-stack
                0x0000000000000000        0x0 binaries/xsh_ls.o
 .note.GNU-stack
                0x0000000000000000        0x0 binaries/xsh_memdump.o
 .note.GNU-stack
                0x0000000000000000        0x0 binaries/xsh_memstat.o
 .note.GNU-stack
                0x0000000000000000        0x0 binaries/xsh_netinfo.o
 .note.GNU-stack
                0x0000000000000000        0x0 binaries/xsh_ns.o
 .note.GNU-stack
                0x0000000000000000        0x0 binaries/xsh_ping.o
 .note.GNU-stack
                0x0000000000000000        0x0 binaries/xsh_ps.o
 .note.GNU-stack
                0x0000000000000000        0x0 binaries/xsh_sleep.o
 .note.GNU-stack
                0x0000000000000000        0x0 binaries/xsh_tee.o
 .note.GNU-stack
                0x0000000000000000        0x0 binaries/xsh_udpdump.o
 .note.GNU-stack
                0x0000000000000000        0x0 binaries/xsh_udpecho.o
 .note.GNU-stack
                0x0000000000000000        0x0 binaries/xsh_udpserver.o
 .note.GNU-stack
                0x0000000000000000        0x0 binaries/xsh_uptime.o
